(the (-> Atom (Pair Atom Atom)) (lambda (flavor) (cons flavor (quote lettuce))))
(the (Pair Atom Atom) (cons (quote tomato) (quote lettuce)))
(the (-> Nat Atom Nat) (lambda (n a) n))
(the Nat 7)
(the (-> Atom (Pair Atom Atom)) (lambda (a) (cons a (quote lettuce))))
(the (Pair Atom Atom) (cons (quote celery) (quote lettuce)))
(the Atom (quote celery))
(the U (Pair Nat Nat))
(the (Pair Nat Nat) (cons 3 5))
(the U (-> Nat Nat (Pair Nat Nat)))
(the (Pair Nat Nat) (cons 17 3))
(the (Pair Nat Nat) (cons 4 5))
(the Atom (quote naught))
(the Atom (quote more))
(the Nat 4)
(the (-> Nat Nat) (lambda (n) (which-Nat n (the Nat 0) (lambda (smaller) smaller))))
(the Nat 9)
(the Nat 0)
