(the (Pi ((A U) (D U)) (-> (Pair A D) (Pair D A))) (lambda (A D p) (cons (cdr p) (car p))))
(the (-> (Pair Nat Atom) (Pair Atom Nat)) (lambda (p) (cons (cdr p) (car p))))
(the (Pair Atom Nat) (cons (quote apple) 17))
(the (Pair Atom Atom) (cons (quote b) (quote a)))
(the (Pi ((A U) (D U) (X U)) (-> (Pair A D) (-> A D X) X)) (lambda (A D X p f) (f (car p) (cdr p))))
(the Nat 4)
(the (-> (Pair Nat Nat) Nat) (lambda (p) (car p)))
(the Nat 2)
(the (-> (Pair Nat Atom) (Pair Atom Nat)) (lambda (p) (cons (cdr p) (car p))))
(the (Pair Atom Nat) (cons (quote x) 3))
(the (Pi ((Y U)) (-> Y (Pair Y Y))) (lambda (Y x) (cons x x)))
(the (-> Atom (Pair Atom Atom)) (lambda (x) (cons x x)))
(the (Pair Atom Atom) (cons (quote cherry-pie) (quote cherry-pie)))
(the (Pair Nat Nat) (cons 5 5))
(the U (-> Atom Nat (Pair Atom Nat)))
(the U (-> Nat Atom Nat))
(the U (Pair Nat Atom))
(the U (Pair (-> Nat Nat) (Pair Atom (Pair Nat Atom))))
(the (Pi ((A U)) (-> A A)) (lambda (B b) b))
(the (-> U (Pi ((A₁ U)) (-> A₁ A₁))) (lambda (A B x) x))
(the U (Pair Nat Nat))
(the (Pair Atom Atom) (cons (quote a) (quote b)))
(the (Pi ((A U)) (-> A (Pair A A))) (lambda (A a) (cons a a)))
(the (Pair (Pair Nat Nat) (Pair Nat Nat)) (cons (cons 1 2) (cons 1 2)))
