(the (List Atom) nil)
(the (List Atom) (:: (quote rye) (:: (quote bread) nil)))
(the (List Nat) (:: 1 (:: 2 nil)))
(the (List (Pair Atom Nat)) (:: (cons (quote a) 1) nil))
(the (List (List Nat)) (:: (:: 1 nil) (:: nil nil)))
(the U (List Nat))
(List U)
(the U (List (-> Nat Atom)))
(the (List Atom) (:: (quote rye-flour) (:: (quote rye-kernels) (:: (quote water) (:: (quote sourdough) (:: (quote salt) nil))))))
(the Nat 0)
(the Atom (quote rye-flour))
(the Nat 5)
(the Nat 0)
(the (-> (List Atom) Nat) (lambda (es) (rec-List es (the Nat 0) (lambda (e es₁ length-es) (add1 length-es)))))
(the (-> (List Atom) Nat) (lambda (es) (add1 (rec-List es (the Nat 0) (lambda (e es₁ length-es) (add1 length-es))))))
(the (Pi ((E U)) (-> (List E) Nat)) (lambda (E es) (rec-List es (the Nat 0) (lambda (e es₁ length-es) (add1 length-es)))))
(the (List Atom) (:: (quote a) (:: (quote b) (:: (quote c) nil))))
(the (List Nat) nil)
(the (-> (List Nat) (List Nat)) (lambda (end) (:: 1 (:: 2 end))))
(the (-> (List Nat) (List Nat)) (lambda (start) (rec-List start (the (List Nat) (:: 3 nil)) (lambda (e es append-es) (:: e append-es)))))
(the (List Atom) (:: (quote rye-flour) (:: (quote rye-kernels) (:: (quote water) (:: (quote sourdough) (:: (quote salt) (:: (quote butter) nil)))))))
(the (List Atom) (:: (quote salt) (:: (quote sourdough) (:: (quote water) (:: (quote rye-kernels) (:: (quote rye-flour) nil))))))
(the (List Nat) (:: 3 (:: 2 (:: 1 nil))))
