(the Nat 3)
(the Atom (quote zero))
(the (Vec Atom 0) vecnil)
(the (Vec Atom 2) (vec:: (quote pea) (vec:: (quote pea) vecnil)))
(the (Pi ((how-many-peas Nat)) (Vec Atom how-many-peas)) (lambda (how-many-peas) (ind-Nat how-many-peas (lambda (k) (Vec Atom k)) vecnil (lambda (l-1 peas-l-1) (vec:: (quote pea) peas-l-1)))))
(the U (Vec Atom 4))
(the (Pi ((l-1 Nat)) (-> (Vec Atom l-1) (Vec Atom (add1 l-1)))) (lambda (l-1 peas-l-1) (vec:: (quote pea) peas-l-1)))
(the (Pi ((n Nat)) (Vec Atom (add1 n))) (lambda (n) (vec:: (quote pea) (ind-Nat n (lambda (k) (Vec Atom k)) vecnil (lambda (l-1 peas-l-1) (vec:: (quote pea) peas-l-1))))))
(the Atom (quote celery))
(the Atom (quote only))
(the (-> (Vec Atom 3) Atom) (lambda (es) (head (tail (tail es)))))
(the U (-> (Vec Atom 4) Atom))
(the (Pi ((E U) (l Nat)) (-> (Vec E (add1 l)) E)) (lambda (E l x) ((ind-Nat l (lambda (k) (-> (Vec E (add1 k)) E)) (lambda (es) (head es)) (lambda (l-1 last-l-1 es) (last-l-1 (tail es)))) x)))
(the (Vec Atom 2) (vec:: (quote a) (vec:: (quote b) vecnil)))
(the (-> (Vec Atom 1) (Vec Atom 0)) (lambda (es) vecnil))
(the (-> (Vec Atom 2) (Vec Atom 1)) (lambda (es) (vec:: (head es) vecnil)))
(the (Pi ((E U) (l Nat)) (-> (Vec E (add1 l)) (Vec E l))) (lambda (E l x) ((ind-Nat l (lambda (k) (-> (Vec E (add1 k)) (Vec E k))) (lambda (es) vecnil) (lambda (l-1 drop-last-l-1 es) (vec:: (head es) (drop-last-l-1 (tail es))))) x)))
