(the U (= Atom (quote kale) (quote kale)))
(the (= Atom (quote kale) (quote kale)) (same (quote kale)))
(the U (= Nat 1 2))
(the U (= (Pair Nat Atom) (cons 1 (quote a)) (cons 1 (quote a))))
(the U (= (-> Nat Nat) (lambda (n) n) (lambda (m) m)))
(= U Nat Nat)
(the (= Nat 5 5) (same 5))
(the (= Nat 5 5) (same 5))
(the (Pi ((n Nat)) (= Nat (add1 n) (add1 n))) (lambda (n) (same (add1 n))))
(the (Pi ((n Nat)) (= Nat (add1 n) (add1 n))) (lambda (n) (same (add1 n))))
(the (= Nat 6 6) (same 6))
(the (-> Nat Nat) (lambda (n) (iter-Nat n (the Nat 1) (lambda (j) (add1 j)))))
(the Nat 4)
(the (= Nat 3 3) (same 3))
(the (Pi ((n Nat) (m Nat)) (-> (= Nat n m) (= Nat (add1 n) (add1 m)))) (lambda (n m n=m) (cong n=m (lambda (j) (add1 j)))))
(the U (= Nat 3 3))
(the (Pi ((n-1 Nat)) (-> (= Nat (iter-Nat n-1 (the Nat 1) (lambda (j) (add1 j))) (add1 n-1)) (= Nat (add1 (iter-Nat n-1 (the Nat 1) (lambda (j) (add1 j)))) (add1 (add1 n-1))))) (lambda (n-1 incr=add1-n-1) (cong incr=add1-n-1 (lambda (j) (add1 j)))))
(the (= Nat 3 3) (same 3))
(the (Pi ((n Nat)) (= Nat (iter-Nat n (the Nat 1) (lambda (j) (add1 j))) (add1 n))) (lambda (n) (ind-Nat n (lambda (k) (= Nat (iter-Nat k (the Nat 1) (lambda (j) (add1 j))) (add1 k))) (same 1) (lambda (n-1 incr=add1-n-1) (cong incr=add1-n-1 (lambda (j) (add1 j)))))))
