(the (Vec Atom 2) (vec:: (quote a) (vec:: (quote b) vecnil)))
(the (Pi ((n Nat) (m Nat)) (-> (= Nat n m) (Vec Atom n) (Vec Atom m))) (lambda (n m n=m v) (replace n=m (lambda (k) (Vec Atom k)) v)))
(the Nat 10)
(the Nat 10)
(the (-> Nat Nat) (lambda (n) (iter-Nat n (the Nat 0) (lambda (j) (add1 (add1 j))))))
(the (-> Nat Nat) (lambda (n) (iter-Nat n (the Nat n) (lambda (k) (add1 k)))))
(the (= Nat 6 6) (same 6))
(the (Pi ((n Nat) (j Nat)) (= Nat (add1 (iter-Nat n (the Nat j) (lambda (k) (add1 k)))) (iter-Nat n (the Nat (add1 j)) (lambda (k) (add1 k))))) (lambda (n j) (ind-Nat n (lambda (k) (= Nat (add1 (iter-Nat k (the Nat j) (lambda (k₁) (add1 k₁)))) (iter-Nat k (the Nat (add1 j)) (lambda (k₁) (add1 k₁))))) (same (add1 j)) (lambda (n-1 add1+=+add1-n-1) (cong add1+=+add1-n-1 (lambda (j₁) (add1 j₁)))))))
(the (= Nat 6 6) (same 6))
(the (Pi ((n Nat)) (= Nat (iter-Nat n (the Nat n) (lambda (k) (add1 k))) (iter-Nat n (the Nat 0) (lambda (j) (add1 (add1 j)))))) (lambda (n) (ind-Nat n (lambda (k) (= Nat (iter-Nat k (the Nat k) (lambda (k₁) (add1 k₁))) (iter-Nat k (the Nat 0) (lambda (j) (add1 (add1 j)))))) (same 0) (lambda (n-1 twice=double-n-1) (replace (ind-Nat n-1 (lambda (k) (= Nat (add1 (iter-Nat k (the Nat n-1) (lambda (k₁) (add1 k₁)))) (iter-Nat k (the Nat (add1 n-1)) (lambda (k₁) (add1 k₁))))) (same (add1 n-1)) (lambda (n-1₁ add1+=+add1-n-1) (cong add1+=+add1-n-1 (lambda (j) (add1 j))))) (lambda (k) (= Nat (add1 k) (add1 (add1 (iter-Nat n-1 (the Nat 0) (lambda (j) (add1 (add1 j)))))))) (cong twice=double-n-1 (lambda (j) (add1 (add1 j)))))))))
(the (= Nat 1 1) (same 1))
(the (Pi ((n Nat) (j Nat)) (-> (= Nat n j) (= Nat j n))) (lambda (n j n=j) (symm n=j)))
(the (= Nat 2 2) (same 2))
(the (Pi ((a Nat) (b Nat) (c Nat)) (-> (= Nat a b) (= Nat b c) (= Nat a c))) (lambda (a b c ab bc) (trans ab bc)))
(the (Pi ((a Nat) (b Nat)) (-> (= Nat a b) (= Nat a b))) (lambda (a b ab) (trans ab (same b))))
(the (Pi ((a Nat) (b Nat)) (-> (= Nat a b) (= Nat a b))) (lambda (a b ab) (trans (same a) ab)))
