(the Nat 2)
(the Atom (quote empty))
(the (Vec Atom 3) (vec:: (quote x) (vec:: (quote x) (vec:: (quote x) vecnil))))
(the (Vec Nat 0) vecnil)
(the (Pi ((E U) (l Nat)) (-> E (Vec E l))) (lambda (E l e) (ind-Nat l (lambda (k) (Vec E k)) vecnil (lambda (l-1 replicate-l-1) (vec:: e replicate-l-1)))))
(the (Vec Atom 2) (vec:: (quote a) (vec:: (quote b) vecnil)))
(the (Vec Nat 0) vecnil)
(the (Pi ((E U) (es (List E))) (Vec E (rec-List es (the Nat 0) (lambda (e es₁ length-es) (add1 length-es))))) (lambda (E es) (ind-List es (lambda (es₁) (Vec E (rec-List es₁ (the Nat 0) (lambda (e es₂ length-es) (add1 length-es))))) vecnil (lambda (e es₁ list->vec-es) (vec:: e list->vec-es)))))
(the (Pi ((es (List Atom))) (Vec Atom (add1 (rec-List es (the Nat 0) (lambda (e es₁ length-es) (add1 length-es)))))) (lambda (es) (vec:: (quote head) (ind-List es (lambda (es₁) (Vec Atom (rec-List es₁ (the Nat 0) (lambda (e es₂ length-es) (add1 length-es))))) vecnil (lambda (e es₁ list->vec-es) (vec:: e list->vec-es))))))
(the (Sigma ((l Nat)) (Vec Atom l)) (cons 2 (vec:: (quote a) (vec:: (quote b) vecnil))))
(the Nat 2)
(the (Vec Atom 2) (vec:: (quote a) (vec:: (quote b) vecnil)))
(the (Sigma ((A U)) A) (cons Nat 5))
(the (Sigma ((l Nat)) (Vec Atom l)) (cons 2 (vec:: (quote x) (vec:: (quote y) vecnil))))
(the (Pi ((E U)) (-> (List E) (Sigma ((l Nat)) (Vec E l)))) (lambda (E es) (cons (car (rec-List es (the (Sigma ((l Nat)) (Vec E l)) (cons 0 vecnil)) (lambda (e es₁ p) (cons (add1 (car p)) (vec:: e (cdr p)))))) (cdr (rec-List es (the (Sigma ((l Nat)) (Vec E l)) (cons 0 vecnil)) (lambda (e es₁ p) (cons (add1 (car p)) (vec:: e (cdr p)))))))))
