(the Nat 2)
(the Atom (quote none))
(the (Vec Atom 3) (vec:: (quote a) (vec:: (quote b) (vec:: (quote c) vecnil))))
(the (Vec Atom 1) (vec:: (quote z) vecnil))
(the (Pi ((E U) (l Nat) (j Nat)) (-> (Vec E l) (Vec E j) (Vec E (iter-Nat l (the Nat j) (lambda (k) (add1 k)))))) (lambda (E l j es end) (ind-Vec l es (lambda (k es₁) (Vec E (iter-Nat k (the Nat j) (lambda (k₁) (add1 k₁))))) end (lambda (k e es₁ vec-append-es) (vec:: e vec-append-es)))))
(the (List Atom) (:: (quote beans) (:: (quote maple-syrup) (:: (quote crumpets) nil))))
(the (Pi ((E U) (l Nat)) (-> (Vec E l) (List E))) (lambda (E l es) (ind-Vec l es (lambda (l₁ es₁) (List E)) nil (lambda (l-1 e es₁ es->list) (:: e es->list)))))
(the (Pi ((n Nat)) (-> (Vec Atom n) (List Atom))) (lambda (n es) (:: (quote first) (ind-Vec n es (lambda (l es₁) (List Atom)) nil (lambda (l-1 e es₁ es->list) (:: e es->list))))))
(the (= (List Atom) (:: (quote a) (:: (quote b) nil)) (:: (quote a) (:: (quote b) nil))) (same (:: (quote a) (:: (quote b) nil))))
(the (Pi ((E U) (es (List E))) (= (List E) es (ind-Vec (rec-List es (the Nat 0) (lambda (e es₁ length-es) (add1 length-es))) (ind-List es (lambda (xs) (Vec E (rec-List xs (the Nat 0) (lambda (e es₁ length-es) (add1 length-es))))) vecnil (lambda (e es₁ v) (vec:: e v))) (lambda (l es₁) (List E)) nil (lambda (l-1 e es₁ es->list) (:: e es->list))))) (lambda (E es) (ind-List es (lambda (xs) (= (List E) xs (ind-Vec (rec-List xs (the Nat 0) (lambda (e es₁ length-es) (add1 length-es))) (ind-List xs (lambda (xs₁) (Vec E (rec-List xs₁ (the Nat 0) (lambda (e es₁ length-es) (add1 length-es))))) vecnil (lambda (e es₁ v) (vec:: e v))) (lambda (l es₁) (List E)) nil (lambda (l-1 e es₁ es->list) (:: e es->list))))) (same nil) (lambda (e es₁ ih) (cong ih (lambda (xs) (:: e xs)))))))
