(the U (Sigma ((half Nat)) (= Nat 10 (iter-Nat half (the Nat 0) (lambda (j) (add1 (add1 j)))))))
(the (Sigma ((half Nat)) (= Nat 0 (iter-Nat half (the Nat 0) (lambda (j) (add1 (add1 j)))))) (cons 0 (same 0)))
(the (Sigma ((half Nat)) (= Nat 10 (iter-Nat half (the Nat 0) (lambda (j) (add1 (add1 j)))))) (cons 5 (same 10)))
(the (Pi ((n Nat)) (-> (Sigma ((half Nat)) (= Nat n (iter-Nat half (the Nat 0) (lambda (j) (add1 (add1 j)))))) (Sigma ((half Nat)) (= Nat (add1 (add1 n)) (iter-Nat half (the Nat 0) (lambda (j) (add1 (add1 j)))))))) (lambda (n e-n) (cons (add1 (car e-n)) (cong (cdr e-n) (lambda (j) (add1 (add1 j)))))))
(the (Sigma ((half Nat)) (= Nat 2 (iter-Nat half (the Nat 0) (lambda (j) (add1 (add1 j)))))) (cons 1 (same 2)))
(the (Sigma ((half Nat)) (= Nat 2 (iter-Nat half (the Nat 0) (lambda (j) (add1 (add1 j)))))) (cons 1 (same 2)))
(the Nat 1)
(the (Sigma ((haf Nat)) (= Nat 1 (add1 (iter-Nat haf (the Nat 0) (lambda (j) (add1 (add1 j))))))) (cons 0 (same 1)))
(the (Sigma ((haf Nat)) (= Nat 13 (add1 (iter-Nat haf (the Nat 0) (lambda (j) (add1 (add1 j))))))) (cons 6 (same 13)))
(the (Pi ((n Nat)) (-> (Sigma ((half Nat)) (= Nat n (iter-Nat half (the Nat 0) (lambda (j) (add1 (add1 j)))))) (Sigma ((haf Nat)) (= Nat (add1 n) (add1 (iter-Nat haf (the Nat 0) (lambda (j) (add1 (add1 j))))))))) (lambda (n e-n) (cons (car e-n) (cong (cdr e-n) (lambda (j) (add1 j))))))
(the (Sigma ((haf Nat)) (= Nat 3 (add1 (iter-Nat haf (the Nat 0) (lambda (j) (add1 (add1 j))))))) (cons 1 (same 3)))
(the (Pi ((n Nat)) (-> (Sigma ((haf Nat)) (= Nat n (add1 (iter-Nat haf (the Nat 0) (lambda (j) (add1 (add1 j))))))) (Sigma ((half Nat)) (= Nat (add1 n) (iter-Nat half (the Nat 0) (lambda (j) (add1 (add1 j)))))))) (lambda (n o-n) (cons (add1 (car o-n)) (cong (cdr o-n) (lambda (j) (add1 j))))))
(the (Sigma ((half Nat)) (= Nat 14 (iter-Nat half (the Nat 0) (lambda (j) (add1 (add1 j)))))) (cons 7 (same 14)))
