(the U (Either Nat Atom))
(the (Either Nat Atom) (left 3))
(the (Either Nat Atom) (right (quote three)))
(Either U Nat)
(the Nat 3)
(the Nat 0)
(the (-> (Either Nat Nat) Nat) (lambda (e) (ind-Either e (lambda (x) Nat) (lambda (l) l) (lambda (r) (add1 r)))))
(the (-> (Either Nat Atom) (Either Atom Nat)) (lambda (e) (ind-Either e (lambda (x) (Either Atom Nat)) (lambda (n) (right n)) (lambda (a) (left a)))))
(the (Either (Sigma ((half Nat)) (= Nat 0 (iter-Nat half (the Nat 0) (lambda (j) (add1 (add1 j)))))) (Sigma ((haf Nat)) (= Nat 0 (add1 (iter-Nat haf (the Nat 0) (lambda (j) (add1 (add1 j)))))))) (left (cons 0 (same 0))))
(the (Either (Sigma ((half Nat)) (= Nat 2 (iter-Nat half (the Nat 0) (lambda (j) (add1 (add1 j)))))) (Sigma ((haf Nat)) (= Nat 2 (add1 (iter-Nat haf (the Nat 0) (lambda (j) (add1 (add1 j)))))))) (left (cons 1 (same 2))))
(the (Either (Sigma ((half Nat)) (= Nat 13 (iter-Nat half (the Nat 0) (lambda (j) (add1 (add1 j)))))) (Sigma ((haf Nat)) (= Nat 13 (add1 (iter-Nat haf (the Nat 0) (lambda (j) (add1 (add1 j)))))))) (right (cons 6 (same 13))))
(the (Pi ((n-1 Nat)) (-> (Either (Sigma ((half Nat)) (= Nat n-1 (iter-Nat half (the Nat 0) (lambda (j) (add1 (add1 j)))))) (Sigma ((haf Nat)) (= Nat n-1 (add1 (iter-Nat haf (the Nat 0) (lambda (j) (add1 (add1 j)))))))) (Either (Sigma ((half Nat)) (= Nat (add1 n-1) (iter-Nat half (the Nat 0) (lambda (j) (add1 (add1 j)))))) (Sigma ((haf Nat)) (= Nat (add1 n-1) (add1 (iter-Nat haf (the Nat 0) (lambda (j) (add1 (add1 j)))))))))) (lambda (n-1 e-or-o-n-1) (ind-Either e-or-o-n-1 (lambda (e-or-o) (Either (Sigma ((half Nat)) (= Nat (add1 n-1) (iter-Nat half (the Nat 0) (lambda (j) (add1 (add1 j)))))) (Sigma ((haf Nat)) (= Nat (add1 n-1) (add1 (iter-Nat haf (the Nat 0) (lambda (j) (add1 (add1 j))))))))) (lambda (e-n-1) (right (cons (car e-n-1) (cong (cdr e-n-1) (lambda (j) (add1 j)))))) (lambda (o-n-1) (left (cons (add1 (car o-n-1)) (cong (cdr o-n-1) (lambda (j) (add1 j)))))))))
(the (Pi ((n Nat)) (Either (Sigma ((half Nat)) (= Nat n (iter-Nat half (the Nat 0) (lambda (j) (add1 (add1 j)))))) (Sigma ((haf Nat)) (= Nat n (add1 (iter-Nat haf (the Nat 0) (lambda (j) (add1 (add1 j))))))))) (lambda (n) (ind-Nat n (lambda (k) (Either (Sigma ((half Nat)) (= Nat k (iter-Nat half (the Nat 0) (lambda (j) (add1 (add1 j)))))) (Sigma ((haf Nat)) (= Nat k (add1 (iter-Nat haf (the Nat 0) (lambda (j) (add1 (add1 j))))))))) (left (cons 0 (same 0))) (lambda (n-1 e-or-o-n-1) (ind-Either e-or-o-n-1 (lambda (e-or-o) (Either (Sigma ((half Nat)) (= Nat (add1 n-1) (iter-Nat half (the Nat 0) (lambda (j) (add1 (add1 j)))))) (Sigma ((haf Nat)) (= Nat (add1 n-1) (add1 (iter-Nat haf (the Nat 0) (lambda (j) (add1 (add1 j))))))))) (lambda (e-n-1) (right (cons (car e-n-1) (cong (cdr e-n-1) (lambda (j) (add1 j)))))) (lambda (o-n-1) (left (cons (add1 (car o-n-1)) (cong (cdr o-n-1) (lambda (j) (add1 j)))))))))))
