(the U Trivial)
(the Trivial sole)
(the (-> Nat Trivial) (lambda (n) sole))
(the (-> Trivial Trivial) (lambda (t) sole))
(the U Absurd)
(the (-> Absurd Nat) (lambda (nope) (ind-Absurd (the Absurd nope) Nat)))
(the (-> Absurd Absurd) (lambda (x) (the Absurd x)))
(the (-> Absurd (Pair Nat Atom)) (lambda (x) (cons (car (ind-Absurd (the Absurd x) (Pair Nat Atom))) (cdr (ind-Absurd (the Absurd x) (Pair Nat Atom))))))
(the U (Either Atom Trivial))
(the (Either Nat Trivial) (right sole))
(the (Either Atom Trivial) (left (quote x)))
(the (Either Atom Trivial) (left (quote a)))
(the (Either Atom Trivial) (right sole))
(the (Either Atom Trivial) (left (quote b)))
(the (Either Atom Trivial) (right sole))
(the U Absurd)
(the U (Either (Either Absurd Trivial) Trivial))
(the (Either (Either (Either Absurd Trivial) Trivial) Trivial) (right sole))
(the (Either (Either (Either Absurd Trivial) Trivial) Trivial) (left (right sole)))
(the Atom (quote a))
(the Atom (quote b))
(the Atom (quote c))
(the (Pi ((E U)) (-> Absurd (Vec E 0) E)) (lambda (E no-value-ever es) (ind-Absurd (the Absurd no-value-ever) E)))
(the (-> (Either Absurd Trivial) (Vec Atom 1) Atom) (lambda (i es) (ind-Either i (lambda (i₁) Atom) (lambda (i-1) (ind-Absurd (the Absurd i-1) Atom)) (lambda (triv) (head es)))))
