(the U (-> Nat Absurd))
(the (-> Absurd Absurd) (lambda (x) (the Absurd x)))
(the U Trivial)
(the U Absurd)
(the U Absurd)
(the U (= Nat 3 6))
(the (-> Nat U) (lambda (n) Absurd))
(the Trivial sole)
(the (= Nat 2 2) (same 2))
(the (Pi ((n Nat)) (which-Nat n (the U (which-Nat n (the U Trivial) (lambda (j-1) Absurd))) (lambda (n-1) (which-Nat n (the U Absurd) (lambda (j-1) (= Nat n-1 j-1)))))) (lambda (n) (ind-Nat n (lambda (k) (which-Nat k (the U (which-Nat k (the U Trivial) (lambda (j-1) Absurd))) (lambda (n-1) (which-Nat k (the U Absurd) (lambda (j-1) (= Nat n-1 j-1)))))) sole (lambda (n-1 =consequence-n-1) (same n-1)))))
(the (= Nat 1 1) (same 1))
(the (Pi ((n Nat) (j Nat)) (-> (= Nat n j) (which-Nat n (the U (which-Nat j (the U Trivial) (lambda (j-1) Absurd))) (lambda (n-1) (which-Nat j (the U Absurd) (lambda (j-1) (= Nat n-1 j-1))))))) (lambda (n j n=j) (replace n=j (lambda (k) (which-Nat n (the U (which-Nat k (the U Trivial) (lambda (j-1) Absurd))) (lambda (n-1) (which-Nat k (the U Absurd) (lambda (j-1) (= Nat n-1 j-1)))))) (ind-Nat n (lambda (k) (which-Nat k (the U (which-Nat k (the U Trivial) (lambda (j-1) Absurd))) (lambda (n-1) (which-Nat k (the U Absurd) (lambda (j-1) (= Nat n-1 j-1)))))) sole (lambda (n-1 =consequence-n-1) (same n-1))))))
(the (Pi ((n Nat)) (-> (= Nat 0 (add1 n)) Absurd)) (lambda (n n=j) (the Absurd (replace n=j (lambda (k) (which-Nat k (the U Trivial) (lambda (j-1) Absurd))) sole))))
(the (-> (= Nat 0 6) (= Atom (quote powdered) (quote glazed))) (lambda (zero=six) (ind-Absurd (the Absurd (replace zero=six (lambda (k) (which-Nat k (the U Trivial) (lambda (j-1) Absurd))) sole)) (= Atom (quote powdered) (quote glazed)))))
(the (= Nat 2 2) (same 2))
(the (-> (= Nat 1 6) Absurd) (lambda (one=six) (the Absurd (replace (replace one=six (lambda (k) (which-Nat k (the U Absurd) (lambda (j-1) (= Nat 0 j-1)))) (same 0)) (lambda (k) (which-Nat k (the U Trivial) (lambda (j-1) Absurd))) sole))))
