(the U (Either (= Nat 1 1) (-> (= Nat 1 1) Absurd)))
(the (Either (= Nat 0 0) (-> (= Nat 0 0) Absurd)) (left (same 0)))
(the (Either (= Nat 0 3) (-> (= Nat 0 3) Absurd)) (right (lambda (n=j) (the Absurd (replace n=j (lambda (k) (which-Nat k (the U Trivial) (lambda (j-1) Absurd))) sole)))))
(the (Pi ((j Nat)) (Either (= Nat 0 j) (-> (= Nat 0 j) Absurd))) (lambda (j) (ind-Nat j (lambda (k) (Either (= Nat 0 k) (-> (= Nat 0 k) Absurd))) (left (same 0)) (lambda (j-1 zero?-j-1) (right (lambda (n=j) (the Absurd (replace n=j (lambda (k) (which-Nat k (the U Trivial) (lambda (j-1₁) Absurd))) sole))))))))
(the (Pi ((n-1 Nat) (j-1 Nat)) (-> (Either (= Nat n-1 j-1) (-> (= Nat n-1 j-1) Absurd)) (Either (= Nat (add1 n-1) (add1 j-1)) (-> (= Nat (add1 n-1) (add1 j-1)) Absurd)))) (lambda (n-1 j-1 eq-or-not) (ind-Either eq-or-not (lambda (target) (Either (= Nat (add1 n-1) (add1 j-1)) (-> (= Nat (add1 n-1) (add1 j-1)) Absurd))) (lambda (yes) (left (cong yes (lambda (k) (add1 k))))) (lambda (no) (right (lambda (n=j) (the Absurd (no (replace n=j (lambda (k) (which-Nat k (the U Absurd) (lambda (j-1₁) (= Nat n-1 j-1₁)))) (same n-1))))))))))
(the (Either (= Nat 0 0) (-> (= Nat 0 0) Absurd)) (left (same 0)))
(the (Either (= Nat 3 3) (-> (= Nat 3 3) Absurd)) (left (same 3)))
(the (Either (= Nat 4 0) (-> (= Nat 4 0) Absurd)) (right (lambda (n=j) (the Absurd (replace n=j (lambda (k) (which-Nat k (the U Absurd) (lambda (j-1) (= Nat 3 j-1)))) (same 3))))))
(the (Either (= Nat 2 5) (-> (= Nat 2 5) Absurd)) (right (lambda (n=j) (the Absurd (replace (replace (replace n=j (lambda (k) (which-Nat k (the U Absurd) (lambda (j-1) (= Nat 1 j-1)))) (same 1)) (lambda (k) (which-Nat k (the U Absurd) (lambda (j-1) (= Nat 0 j-1)))) (same 0)) (lambda (k) (which-Nat k (the U Trivial) (lambda (j-1) Absurd))) sole)))))
(the (Pi ((n Nat)) (Either (= Nat (add1 n) 0) (-> (= Nat (add1 n) 0) Absurd))) (lambda (n) (right (lambda (n=j) (the Absurd (replace n=j (lambda (k) (which-Nat k (the U Absurd) (lambda (j-1) (= Nat n j-1)))) (same n)))))))
