(the Atom (quote ratatouille))
(the Atom (quote courgette))
(the (Pair Atom Atom) (cons (quote ratatouille) (quote baguette)))
(the Atom (quote ratatouille))
(the Atom (quote baguette))
(the (Pair Atom (Pair Atom Atom)) (cons (quote olive) (cons (quote oil) (quote vinegar))))
(the Atom (quote oil))
(the Nat 0)
(the Nat 1)
(the Nat 33)
(the Nat 4)
(the Nat 2)
(the (Pair Nat Atom) (cons 1 (quote pea)))
(the U Atom)
(the U Nat)
(the U (Pair Atom Nat))
(the U (Pair Atom Atom))
(the Nat 1)
(the (Pair Atom Atom) (cons (quote celery) (quote carrot)))
(the Atom (quote celery))
