yes
fail
((?who bob))
((?who liz))
((?who bob))
fail
((?who ann))
((?who pat))
((?who bob))
fail
((?c jim) (?m pat))
((?who ann))
((?who pat))
((?who bob))
((?who liz))
((?who ann))
((?who pat))
((?who jim))
((?who pat))
((?who tom))
((?who bob))
((?c ann) (?g tom))
((?c pat) (?g tom))
((?c jim) (?g bob))
((?a tom) (?d bob))
((?a tom) (?d liz))
((?a bob) (?d ann))
((?a bob) (?d pat))
((?a pat) (?d jim))
((?a tom) (?d ann))
((?a tom) (?d pat))
((?a tom) (?d jim))
((?a bob) (?d jim))
